2025-07-22 04:51:15 [main] INFO  testcases.myaccount - ****starting log information***
2025-07-22 04:51:15 [main] INFO  testcases.myaccount - ****password mesaages***
2025-07-22 04:51:16 [main] INFO  testcases.myaccount - ****starting log information***
2025-07-22 17:10:55 [TestNG-tests-1] ERROR testcases.myaccount - test failed
2025-07-22 17:12:50 [TestNG-tests-1] ERROR testcases.myaccount - test failed
2025-07-22 17:14:10 [TestNG-tests-1] INFO  testcases.myaccount - ****starting log information***
2025-07-22 17:14:10 [TestNG-tests-1] INFO  testcases.myaccount - ****password mesaages***
2025-07-22 17:14:12 [TestNG-tests-1] INFO  testcases.myaccount - ****starting log information***
2025-07-22 17:14:12 [TestNG-tests-1] INFO  testcases.myaccount - ****completed log information***
2025-07-22 17:14:57 [TestNG-tests-3] INFO  testcases.myaccount - ****starting log information***
2025-07-22 17:14:57 [TestNG-tests-3] INFO  testcases.myaccount - ****password mesaages***
2025-07-22 17:14:59 [TestNG-tests-3] INFO  testcases.myaccount - ****starting log information***
2025-07-22 17:14:59 [TestNG-tests-3] INFO  testcases.myaccount - ****completed log information***
2025-07-22 17:16:57 [TestNG-tests-1] INFO  testcases.myaccount - ****starting log information***
2025-07-22 17:16:58 [TestNG-tests-1] INFO  testcases.myaccount - ****password mesaages***
2025-07-22 17:16:59 [TestNG-tests-1] INFO  testcases.myaccount - ****starting log information***
2025-07-22 17:16:59 [TestNG-tests-1] INFO  testcases.myaccount - ****completed log information***
2025-07-22 17:17:04 [TestNG-tests-3] INFO  testcases.myaccount - ****starting log information***
2025-07-22 17:17:04 [TestNG-tests-3] INFO  testcases.myaccount - ****password mesaages***
2025-07-22 17:17:06 [TestNG-tests-3] INFO  testcases.myaccount - ****starting log information***
2025-07-22 17:17:06 [TestNG-tests-3] INFO  testcases.myaccount - ****completed log information***
2025-07-22 17:19:03 [TestNG-tests-1] INFO  testcases.myaccount - ****starting log information***
2025-07-22 17:19:04 [TestNG-tests-1] INFO  testcases.myaccount - ****password mesaages***
2025-07-22 17:19:06 [TestNG-tests-1] INFO  testcases.myaccount - ****starting log information***
2025-07-22 17:19:06 [TestNG-tests-1] INFO  testcases.myaccount - ****completed log information***
2025-07-22 17:19:09 [TestNG-tests-3] INFO  testcases.myaccount - ****starting log information***
2025-07-22 17:19:10 [TestNG-tests-3] INFO  testcases.myaccount - ****password mesaages***
2025-07-22 17:19:11 [TestNG-tests-3] INFO  testcases.myaccount - ****starting log information***
2025-07-22 17:19:11 [TestNG-tests-3] INFO  testcases.myaccount - ****completed log information***
2025-07-22 17:21:32 [TestNG-tests-1] INFO  testcases.myaccount - ****starting log information***
2025-07-22 17:21:33 [TestNG-tests-1] INFO  testcases.myaccount - ****password mesaages***
2025-07-22 17:21:34 [TestNG-tests-1] INFO  testcases.myaccount - ****starting log information***
2025-07-22 17:21:34 [TestNG-tests-1] INFO  testcases.myaccount - ****completed log information***
2025-07-22 17:21:37 [TestNG-tests-3] INFO  testcases.myaccount - ****starting log information***
2025-07-22 17:21:37 [TestNG-tests-3] INFO  testcases.myaccount - ****password mesaages***
2025-07-22 17:21:39 [TestNG-tests-3] INFO  testcases.myaccount - ****starting log information***
2025-07-22 17:21:39 [TestNG-tests-3] INFO  testcases.myaccount - ****completed log information***
2025-07-22 17:26:58 [TestNG-tests-1] INFO  testcases.myaccount - ****starting log information***
2025-07-22 17:26:59 [TestNG-tests-1] INFO  testcases.myaccount - ****password mesaages***
2025-07-22 17:27:02 [TestNG-tests-1] INFO  testcases.myaccount - ****starting log information***
2025-07-22 17:27:02 [TestNG-tests-1] INFO  testcases.myaccount - ****completed log information***
2025-07-22 17:27:03 [TestNG-tests-3] INFO  testcases.myaccount - ****starting log information***
2025-07-22 17:27:04 [TestNG-tests-3] INFO  testcases.myaccount - ****password mesaages***
2025-07-22 17:27:05 [TestNG-tests-3] INFO  testcases.myaccount - ****starting log information***
2025-07-22 17:27:05 [TestNG-tests-3] INFO  testcases.myaccount - ****completed log information***
2025-07-22 17:32:01 [TestNG-tests-1] INFO  testcases.myaccount - ****starting log information***
2025-07-22 17:32:02 [TestNG-tests-1] INFO  testcases.myaccount - ****password mesaages***
2025-07-22 17:32:02 [TestNG-tests-1] INFO  testcases.myaccount - ****starting log information***
2025-07-22 17:32:03 [TestNG-tests-1] INFO  testcases.myaccount - ****completed log information***
2025-07-22 17:37:27 [TestNG-tests-1] INFO  testcases.myaccount - ****starting log information***
2025-07-22 17:37:27 [TestNG-tests-1] INFO  testcases.myaccount - ****password mesaages***
2025-07-22 17:37:29 [TestNG-tests-1] INFO  testcases.myaccount - ****starting log information***
2025-07-22 17:37:29 [TestNG-tests-1] INFO  testcases.myaccount - ****completed log information***
2025-07-22 17:40:19 [TestNG-tests-1] INFO  testcases.myaccount - ****starting log information***
2025-07-22 17:40:19 [TestNG-tests-1] INFO  testcases.myaccount - ****password mesaages***
2025-07-22 17:40:21 [TestNG-tests-1] INFO  testcases.myaccount - ****starting log information***
2025-07-22 17:40:21 [TestNG-tests-1] INFO  testcases.myaccount - ****completed log information***
2025-07-22 17:40:25 [TestNG-tests-2] INFO  testcases.myaccount - ****starting log information***
2025-07-22 17:40:26 [TestNG-tests-2] INFO  testcases.myaccount - ****password mesaages***
2025-07-22 17:40:27 [TestNG-tests-2] INFO  testcases.myaccount - ****starting log information***
2025-07-22 17:40:28 [TestNG-tests-2] INFO  testcases.myaccount - ****completed log information***
